
Git Configuration
	git config --global user.name "Your Name" ----> Sets your global username for Git commits.
	git config --global user.email "your_email@example.com" -----> Sets your global email for Git commits.
	git config --list ----> Displays the current Git configuration.

HOME@DESKTOP-QEP1EOQ MINGW64 ~/OneDrive/Desktop/dev/devops2 (main)
$ git pull
Already up to date.



HOME@DESKTOP-QEP1EOQ MINGW64 ~/OneDrive/Desktop/dev/devops2 (main)
$ git stash
Saved working directory and index state WIP on main: cb17503  modified textin main
git status
On branch main
Your branch is up to date with 'origin/main'.

Changes to be committed:
  (use "git restore --staged <file>..." to unstage)
        modified:   git.txt

Changes to be committed:
  (use "git restore --staged <file>..." to unstage)
        modified:   git.txt
HOME@DESKTOP-QEP1EOQ MINGW64 ~/OneDrive/Desktop/dev/devops2 (main)
$ git stash
Saved working directory and index state WIP on main: cb17503  modified textin main